description: "# What will this job do? # Descriptions should be short, simple, and clear.\n"
docker:
  - image: "cimg/base:current"
    auth:
      username: mydockerhub-user
      password: $DOCKERHUB_PASSWORD
parameters:
  greeting:
    type: string
    default: Salutations
    description: Select a proper greeting
steps:
  - greet:
      greeting: "<< parameters.greeting >>"